---
http_interactions:
- request:
    method: get
    uri: https://sandboxapi.deere.com/platform/
    body:
      encoding: US-ASCII
      string: ''
    headers:
      Accept:
      - application/vnd.deere.axiom.v3+json
      Accept-Encoding:
      - gzip;q=1.0,deflate;q=0.6,identity;q=0.3
      User-Agent:
      - OAuth gem v0.5.4
      Authorization:
      - OAuth oauth_consumer_key="johndeere-0000000000000000000000000000000000000000",
        oauth_nonce="000000000000000000000000000000000000000000", oauth_signature="0000000000000000000000000000",
        oauth_signature_method="HMAC-SHA1", oauth_timestamp="1581334172", oauth_version="1.0"
  response:
    status:
      code: 200
      message: OK
    headers:
      Date:
      - Mon, 10 Feb 2020 17:29:26 GMT
      Content-Type:
      - application/vnd.deere.axiom.v3+json;charset=UTF-8
      X-Deere-Handling-Server:
      - ip-10-214-45-99
      X-Frame-Options:
      - SAMEORIGIN
      X-Deere-Elapsed-Ms:
      - '15'
      Cache-Control:
      - no-store
      Content-Language:
      - en-US
      Transfer-Encoding:
      - chunked
    body:
      encoding: ASCII-8BIT
      string: '{"@type":"ApiCatalog","links":[{"@type":"Link","rel":"oauthRequestToken","uri":"https://sandboxapi.deere.com/platform/oauth/request_token"},{"@type":"Link","rel":"oauthAuthorizeRequestToken","uri":"https://my.deere.com/consentToUseOfData?oauth_token={token}"},{"@type":"Link","rel":"oauthAccessToken","uri":"https://sandboxapi.deere.com/platform/oauth/access_token"},{"@type":"Link","rel":"agencies","uri":"https://sandboxapi.deere.com/platform/agencies"}]}'
    http_version:
  recorded_at: Mon, 10 Feb 2020 17:29:27 GMT
- request:
    method: get
    uri: https://sandboxapi.deere.com/platform/organizations
    body:
      encoding: US-ASCII
      string: ''
    headers:
      Accept:
      - application/vnd.deere.axiom.v3+json
      Accept-Encoding:
      - gzip;q=1.0,deflate;q=0.6,identity;q=0.3
      User-Agent:
      - OAuth gem v0.5.4
      Authorization:
      - OAuth oauth_consumer_key="johndeere-0000000000000000000000000000000000000000",
        oauth_nonce="000000000000000000000000000000000000000000", oauth_signature="0000000000000000000000000000",
        oauth_signature_method="HMAC-SHA1", oauth_timestamp="1581334172", oauth_token="00000000-0000-0000-0000-000000000000",
        oauth_version="1.0"
  response:
    status:
      code: 200
      message: OK
    headers:
      Date:
      - Mon, 10 Feb 2020 17:29:27 GMT
      Content-Type:
      - application/vnd.deere.axiom.v3+json;charset=UTF-8
      X-Deere-Handling-Server:
      - ip-10-214-44-215
      X-Frame-Options:
      - SAMEORIGIN
      X-Deere-Elapsed-Ms:
      - '24'
      Cache-Control:
      - no-store
      Content-Language:
      - en-US
      Transfer-Encoding:
      - chunked
    body:
      encoding: ASCII-8BIT
      string: '{"links":[{"rel":"self","uri":"https://sandboxapi.deere.com/platform/organizations"},{"rel":"nextPage","uri":"https://sandboxapi.deere.com/platform/organizations;start=10;count=10"}],"total":15,"values":[{"@type":"Organization","name":"Organization
        Name","type":"customer","member":true,"id":"000000","links":[{"@type":"Link","rel":"self","uri":"https://sandboxapi.deere.com/platform/organizations/000000"},{"@type":"Link","rel":"machines","uri":"https://sandboxapi.deere.com/platform/organizations/000000/machines"},{"@type":"Link","rel":"wdtCapableMachines","uri":"https://sandboxapi.deere.com/platform/organizations/000000/machines?capability=wdt"},{"@type":"Link","rel":"files","uri":"https://sandboxapi.deere.com/platform/organizations/000000/files"},{"@type":"Link","rel":"transferableFiles","uri":"https://sandboxapi.deere.com/platform/organizations/000000/files?transferable=true"},{"@type":"Link","rel":"uploadFile","uri":"https://sandboxapi.deere.com/platform/organizations/000000/files"},{"@type":"Link","rel":"sendFileToMachine","uri":"https://sandboxapi.deere.com/platform/organizations/000000/fileTransfers"},{"@type":"Link","rel":"addMachine","uri":"https://sandboxapi.deere.com/platform/organizations/000000/machines"},{"@type":"Link","rel":"addField","uri":"https://sandboxapi.deere.com/platform/organizations/000000/fields"},{"@type":"Link","rel":"machines","uri":"https://sandboxapi.deere.com/platform/organizations/000000/machines"},{"@type":"Link","rel":"fields","uri":"https://sandboxapi.deere.com/platform/organizations/000000/fields"},{"@type":"Link","rel":"farms","uri":"https://sandboxapi.deere.com/platform/organizations/000000/farms"},{"@type":"Link","rel":"boundaries","uri":"https://sandboxapi.deere.com/platform/organizations/000000/boundaries"},{"@type":"Link","rel":"clients","uri":"https://sandboxapi.deere.com/platform/organizations/000000/clients"},{"@type":"Link","rel":"flags","uri":"https://sandboxapi.deere.com/platform/organizations/000000/flags"},{"@type":"Link","rel":"flagCategory","uri":"https://sandboxapi.deere.com/platform/organizations/000000/flagCategories"},{"@type":"Link","rel":"controllers","uri":"https://sandboxapi.deere.com/platform/organizations/000000/orgController"}]},{"@type":"Organization","name":"Organization
        Name","type":"customer","member":true,"id":"000000","links":[{"@type":"Link","rel":"self","uri":"https://sandboxapi.deere.com/platform/organizations/000000"},{"@type":"Link","rel":"machines","uri":"https://sandboxapi.deere.com/platform/organizations/000000/machines"},{"@type":"Link","rel":"wdtCapableMachines","uri":"https://sandboxapi.deere.com/platform/organizations/000000/machines?capability=wdt"},{"@type":"Link","rel":"files","uri":"https://sandboxapi.deere.com/platform/organizations/000000/files"},{"@type":"Link","rel":"transferableFiles","uri":"https://sandboxapi.deere.com/platform/organizations/000000/files?transferable=true"},{"@type":"Link","rel":"uploadFile","uri":"https://sandboxapi.deere.com/platform/organizations/000000/files"},{"@type":"Link","rel":"sendFileToMachine","uri":"https://sandboxapi.deere.com/platform/organizations/000000/fileTransfers"},{"@type":"Link","rel":"addMachine","uri":"https://sandboxapi.deere.com/platform/organizations/000000/machines"},{"@type":"Link","rel":"addField","uri":"https://sandboxapi.deere.com/platform/organizations/000000/fields"},{"@type":"Link","rel":"machines","uri":"https://sandboxapi.deere.com/platform/organizations/000000/machines"},{"@type":"Link","rel":"fields","uri":"https://sandboxapi.deere.com/platform/organizations/000000/fields"},{"@type":"Link","rel":"farms","uri":"https://sandboxapi.deere.com/platform/organizations/000000/farms"},{"@type":"Link","rel":"boundaries","uri":"https://sandboxapi.deere.com/platform/organizations/000000/boundaries"},{"@type":"Link","rel":"clients","uri":"https://sandboxapi.deere.com/platform/organizations/000000/clients"},{"@type":"Link","rel":"flags","uri":"https://sandboxapi.deere.com/platform/organizations/000000/flags"},{"@type":"Link","rel":"flagCategory","uri":"https://sandboxapi.deere.com/platform/organizations/000000/flagCategories"},{"@type":"Link","rel":"controllers","uri":"https://sandboxapi.deere.com/platform/organizations/000000/orgController"}]},{"@type":"Organization","name":"Organization
        Name","type":"customer","member":true,"id":"000000","links":[{"@type":"Link","rel":"self","uri":"https://sandboxapi.deere.com/platform/organizations/000000"},{"@type":"Link","rel":"machines","uri":"https://sandboxapi.deere.com/platform/organizations/000000/machines"},{"@type":"Link","rel":"wdtCapableMachines","uri":"https://sandboxapi.deere.com/platform/organizations/000000/machines?capability=wdt"},{"@type":"Link","rel":"files","uri":"https://sandboxapi.deere.com/platform/organizations/000000/files"},{"@type":"Link","rel":"transferableFiles","uri":"https://sandboxapi.deere.com/platform/organizations/000000/files?transferable=true"},{"@type":"Link","rel":"uploadFile","uri":"https://sandboxapi.deere.com/platform/organizations/000000/files"},{"@type":"Link","rel":"sendFileToMachine","uri":"https://sandboxapi.deere.com/platform/organizations/000000/fileTransfers"},{"@type":"Link","rel":"addMachine","uri":"https://sandboxapi.deere.com/platform/organizations/000000/machines"},{"@type":"Link","rel":"addField","uri":"https://sandboxapi.deere.com/platform/organizations/000000/fields"},{"@type":"Link","rel":"machines","uri":"https://sandboxapi.deere.com/platform/organizations/000000/machines"},{"@type":"Link","rel":"fields","uri":"https://sandboxapi.deere.com/platform/organizations/000000/fields"},{"@type":"Link","rel":"farms","uri":"https://sandboxapi.deere.com/platform/organizations/000000/farms"},{"@type":"Link","rel":"boundaries","uri":"https://sandboxapi.deere.com/platform/organizations/000000/boundaries"},{"@type":"Link","rel":"clients","uri":"https://sandboxapi.deere.com/platform/organizations/000000/clients"},{"@type":"Link","rel":"flags","uri":"https://sandboxapi.deere.com/platform/organizations/000000/flags"},{"@type":"Link","rel":"flagCategory","uri":"https://sandboxapi.deere.com/platform/organizations/000000/flagCategories"},{"@type":"Link","rel":"controllers","uri":"https://sandboxapi.deere.com/platform/organizations/000000/orgController"}]},{"@type":"Organization","name":"Organization
        Name","type":"customer","member":true,"id":"000000","links":[{"@type":"Link","rel":"self","uri":"https://sandboxapi.deere.com/platform/organizations/000000"},{"@type":"Link","rel":"machines","uri":"https://sandboxapi.deere.com/platform/organizations/000000/machines"},{"@type":"Link","rel":"wdtCapableMachines","uri":"https://sandboxapi.deere.com/platform/organizations/000000/machines?capability=wdt"},{"@type":"Link","rel":"files","uri":"https://sandboxapi.deere.com/platform/organizations/000000/files"},{"@type":"Link","rel":"transferableFiles","uri":"https://sandboxapi.deere.com/platform/organizations/000000/files?transferable=true"},{"@type":"Link","rel":"uploadFile","uri":"https://sandboxapi.deere.com/platform/organizations/000000/files"},{"@type":"Link","rel":"sendFileToMachine","uri":"https://sandboxapi.deere.com/platform/organizations/000000/fileTransfers"},{"@type":"Link","rel":"addMachine","uri":"https://sandboxapi.deere.com/platform/organizations/000000/machines"},{"@type":"Link","rel":"addField","uri":"https://sandboxapi.deere.com/platform/organizations/000000/fields"},{"@type":"Link","rel":"machines","uri":"https://sandboxapi.deere.com/platform/organizations/000000/machines"},{"@type":"Link","rel":"fields","uri":"https://sandboxapi.deere.com/platform/organizations/000000/fields"},{"@type":"Link","rel":"farms","uri":"https://sandboxapi.deere.com/platform/organizations/000000/farms"},{"@type":"Link","rel":"boundaries","uri":"https://sandboxapi.deere.com/platform/organizations/000000/boundaries"},{"@type":"Link","rel":"clients","uri":"https://sandboxapi.deere.com/platform/organizations/000000/clients"},{"@type":"Link","rel":"flags","uri":"https://sandboxapi.deere.com/platform/organizations/000000/flags"},{"@type":"Link","rel":"flagCategory","uri":"https://sandboxapi.deere.com/platform/organizations/000000/flagCategories"},{"@type":"Link","rel":"controllers","uri":"https://sandboxapi.deere.com/platform/organizations/000000/orgController"}]},{"@type":"Organization","name":"Organization
        Name","type":"customer","member":true,"id":"000000","links":[{"@type":"Link","rel":"self","uri":"https://sandboxapi.deere.com/platform/organizations/000000"},{"@type":"Link","rel":"machines","uri":"https://sandboxapi.deere.com/platform/organizations/000000/machines"},{"@type":"Link","rel":"wdtCapableMachines","uri":"https://sandboxapi.deere.com/platform/organizations/000000/machines?capability=wdt"},{"@type":"Link","rel":"files","uri":"https://sandboxapi.deere.com/platform/organizations/000000/files"},{"@type":"Link","rel":"transferableFiles","uri":"https://sandboxapi.deere.com/platform/organizations/000000/files?transferable=true"},{"@type":"Link","rel":"uploadFile","uri":"https://sandboxapi.deere.com/platform/organizations/000000/files"},{"@type":"Link","rel":"sendFileToMachine","uri":"https://sandboxapi.deere.com/platform/organizations/000000/fileTransfers"},{"@type":"Link","rel":"addMachine","uri":"https://sandboxapi.deere.com/platform/organizations/000000/machines"},{"@type":"Link","rel":"addField","uri":"https://sandboxapi.deere.com/platform/organizations/000000/fields"},{"@type":"Link","rel":"machines","uri":"https://sandboxapi.deere.com/platform/organizations/000000/machines"},{"@type":"Link","rel":"fields","uri":"https://sandboxapi.deere.com/platform/organizations/000000/fields"},{"@type":"Link","rel":"farms","uri":"https://sandboxapi.deere.com/platform/organizations/000000/farms"},{"@type":"Link","rel":"boundaries","uri":"https://sandboxapi.deere.com/platform/organizations/000000/boundaries"},{"@type":"Link","rel":"clients","uri":"https://sandboxapi.deere.com/platform/organizations/000000/clients"},{"@type":"Link","rel":"flags","uri":"https://sandboxapi.deere.com/platform/organizations/000000/flags"},{"@type":"Link","rel":"flagCategory","uri":"https://sandboxapi.deere.com/platform/organizations/000000/flagCategories"},{"@type":"Link","rel":"controllers","uri":"https://sandboxapi.deere.com/platform/organizations/000000/orgController"}]},{"@type":"Organization","name":"Organization
        Name","type":"customer","member":true,"id":"000000","links":[{"@type":"Link","rel":"self","uri":"https://sandboxapi.deere.com/platform/organizations/000000"},{"@type":"Link","rel":"machines","uri":"https://sandboxapi.deere.com/platform/organizations/000000/machines"},{"@type":"Link","rel":"wdtCapableMachines","uri":"https://sandboxapi.deere.com/platform/organizations/000000/machines?capability=wdt"},{"@type":"Link","rel":"files","uri":"https://sandboxapi.deere.com/platform/organizations/000000/files"},{"@type":"Link","rel":"transferableFiles","uri":"https://sandboxapi.deere.com/platform/organizations/000000/files?transferable=true"},{"@type":"Link","rel":"uploadFile","uri":"https://sandboxapi.deere.com/platform/organizations/000000/files"},{"@type":"Link","rel":"sendFileToMachine","uri":"https://sandboxapi.deere.com/platform/organizations/000000/fileTransfers"},{"@type":"Link","rel":"addMachine","uri":"https://sandboxapi.deere.com/platform/organizations/000000/machines"},{"@type":"Link","rel":"addField","uri":"https://sandboxapi.deere.com/platform/organizations/000000/fields"},{"@type":"Link","rel":"machines","uri":"https://sandboxapi.deere.com/platform/organizations/000000/machines"},{"@type":"Link","rel":"fields","uri":"https://sandboxapi.deere.com/platform/organizations/000000/fields"},{"@type":"Link","rel":"farms","uri":"https://sandboxapi.deere.com/platform/organizations/000000/farms"},{"@type":"Link","rel":"boundaries","uri":"https://sandboxapi.deere.com/platform/organizations/000000/boundaries"},{"@type":"Link","rel":"clients","uri":"https://sandboxapi.deere.com/platform/organizations/000000/clients"},{"@type":"Link","rel":"flags","uri":"https://sandboxapi.deere.com/platform/organizations/000000/flags"},{"@type":"Link","rel":"flagCategory","uri":"https://sandboxapi.deere.com/platform/organizations/000000/flagCategories"},{"@type":"Link","rel":"controllers","uri":"https://sandboxapi.deere.com/platform/organizations/000000/orgController"}]},{"@type":"Organization","name":"Organization
        Name","type":"customer","member":true,"id":"000000","links":[{"@type":"Link","rel":"self","uri":"https://sandboxapi.deere.com/platform/organizations/000000"},{"@type":"Link","rel":"machines","uri":"https://sandboxapi.deere.com/platform/organizations/000000/machines"},{"@type":"Link","rel":"wdtCapableMachines","uri":"https://sandboxapi.deere.com/platform/organizations/000000/machines?capability=wdt"},{"@type":"Link","rel":"files","uri":"https://sandboxapi.deere.com/platform/organizations/000000/files"},{"@type":"Link","rel":"transferableFiles","uri":"https://sandboxapi.deere.com/platform/organizations/000000/files?transferable=true"},{"@type":"Link","rel":"uploadFile","uri":"https://sandboxapi.deere.com/platform/organizations/000000/files"},{"@type":"Link","rel":"sendFileToMachine","uri":"https://sandboxapi.deere.com/platform/organizations/000000/fileTransfers"},{"@type":"Link","rel":"addMachine","uri":"https://sandboxapi.deere.com/platform/organizations/000000/machines"},{"@type":"Link","rel":"addField","uri":"https://sandboxapi.deere.com/platform/organizations/000000/fields"},{"@type":"Link","rel":"machines","uri":"https://sandboxapi.deere.com/platform/organizations/000000/machines"},{"@type":"Link","rel":"fields","uri":"https://sandboxapi.deere.com/platform/organizations/000000/fields"},{"@type":"Link","rel":"farms","uri":"https://sandboxapi.deere.com/platform/organizations/000000/farms"},{"@type":"Link","rel":"boundaries","uri":"https://sandboxapi.deere.com/platform/organizations/000000/boundaries"},{"@type":"Link","rel":"clients","uri":"https://sandboxapi.deere.com/platform/organizations/000000/clients"},{"@type":"Link","rel":"flags","uri":"https://sandboxapi.deere.com/platform/organizations/000000/flags"},{"@type":"Link","rel":"flagCategory","uri":"https://sandboxapi.deere.com/platform/organizations/000000/flagCategories"},{"@type":"Link","rel":"controllers","uri":"https://sandboxapi.deere.com/platform/organizations/000000/orgController"}]},{"@type":"Organization","name":"Organization
        Name","type":"customer","member":true,"id":"000000","links":[{"@type":"Link","rel":"self","uri":"https://sandboxapi.deere.com/platform/organizations/000000"},{"@type":"Link","rel":"machines","uri":"https://sandboxapi.deere.com/platform/organizations/000000/machines"},{"@type":"Link","rel":"wdtCapableMachines","uri":"https://sandboxapi.deere.com/platform/organizations/000000/machines?capability=wdt"},{"@type":"Link","rel":"files","uri":"https://sandboxapi.deere.com/platform/organizations/000000/files"},{"@type":"Link","rel":"transferableFiles","uri":"https://sandboxapi.deere.com/platform/organizations/000000/files?transferable=true"},{"@type":"Link","rel":"uploadFile","uri":"https://sandboxapi.deere.com/platform/organizations/000000/files"},{"@type":"Link","rel":"sendFileToMachine","uri":"https://sandboxapi.deere.com/platform/organizations/000000/fileTransfers"},{"@type":"Link","rel":"addMachine","uri":"https://sandboxapi.deere.com/platform/organizations/000000/machines"},{"@type":"Link","rel":"addField","uri":"https://sandboxapi.deere.com/platform/organizations/000000/fields"},{"@type":"Link","rel":"machines","uri":"https://sandboxapi.deere.com/platform/organizations/000000/machines"},{"@type":"Link","rel":"fields","uri":"https://sandboxapi.deere.com/platform/organizations/000000/fields"},{"@type":"Link","rel":"farms","uri":"https://sandboxapi.deere.com/platform/organizations/000000/farms"},{"@type":"Link","rel":"boundaries","uri":"https://sandboxapi.deere.com/platform/organizations/000000/boundaries"},{"@type":"Link","rel":"clients","uri":"https://sandboxapi.deere.com/platform/organizations/000000/clients"},{"@type":"Link","rel":"flags","uri":"https://sandboxapi.deere.com/platform/organizations/000000/flags"},{"@type":"Link","rel":"flagCategory","uri":"https://sandboxapi.deere.com/platform/organizations/000000/flagCategories"},{"@type":"Link","rel":"controllers","uri":"https://sandboxapi.deere.com/platform/organizations/000000/orgController"}]},{"@type":"Organization","name":"Organization
        Name","type":"customer","member":true,"id":"000000","links":[{"@type":"Link","rel":"self","uri":"https://sandboxapi.deere.com/platform/organizations/000000"},{"@type":"Link","rel":"machines","uri":"https://sandboxapi.deere.com/platform/organizations/000000/machines"},{"@type":"Link","rel":"wdtCapableMachines","uri":"https://sandboxapi.deere.com/platform/organizations/000000/machines?capability=wdt"},{"@type":"Link","rel":"files","uri":"https://sandboxapi.deere.com/platform/organizations/000000/files"},{"@type":"Link","rel":"transferableFiles","uri":"https://sandboxapi.deere.com/platform/organizations/000000/files?transferable=true"},{"@type":"Link","rel":"uploadFile","uri":"https://sandboxapi.deere.com/platform/organizations/000000/files"},{"@type":"Link","rel":"sendFileToMachine","uri":"https://sandboxapi.deere.com/platform/organizations/000000/fileTransfers"},{"@type":"Link","rel":"addMachine","uri":"https://sandboxapi.deere.com/platform/organizations/000000/machines"},{"@type":"Link","rel":"addField","uri":"https://sandboxapi.deere.com/platform/organizations/000000/fields"},{"@type":"Link","rel":"machines","uri":"https://sandboxapi.deere.com/platform/organizations/000000/machines"},{"@type":"Link","rel":"fields","uri":"https://sandboxapi.deere.com/platform/organizations/000000/fields"},{"@type":"Link","rel":"farms","uri":"https://sandboxapi.deere.com/platform/organizations/000000/farms"},{"@type":"Link","rel":"boundaries","uri":"https://sandboxapi.deere.com/platform/organizations/000000/boundaries"},{"@type":"Link","rel":"clients","uri":"https://sandboxapi.deere.com/platform/organizations/000000/clients"},{"@type":"Link","rel":"flags","uri":"https://sandboxapi.deere.com/platform/organizations/000000/flags"},{"@type":"Link","rel":"flagCategory","uri":"https://sandboxapi.deere.com/platform/organizations/000000/flagCategories"},{"@type":"Link","rel":"controllers","uri":"https://sandboxapi.deere.com/platform/organizations/000000/orgController"}]},{"@type":"Organization","name":"Organization
        Name","type":"customer","member":true,"id":"000000","links":[{"@type":"Link","rel":"self","uri":"https://sandboxapi.deere.com/platform/organizations/000000"},{"@type":"Link","rel":"machines","uri":"https://sandboxapi.deere.com/platform/organizations/000000/machines"},{"@type":"Link","rel":"wdtCapableMachines","uri":"https://sandboxapi.deere.com/platform/organizations/000000/machines?capability=wdt"},{"@type":"Link","rel":"files","uri":"https://sandboxapi.deere.com/platform/organizations/000000/files"},{"@type":"Link","rel":"transferableFiles","uri":"https://sandboxapi.deere.com/platform/organizations/000000/files?transferable=true"},{"@type":"Link","rel":"uploadFile","uri":"https://sandboxapi.deere.com/platform/organizations/000000/files"},{"@type":"Link","rel":"sendFileToMachine","uri":"https://sandboxapi.deere.com/platform/organizations/000000/fileTransfers"},{"@type":"Link","rel":"addMachine","uri":"https://sandboxapi.deere.com/platform/organizations/000000/machines"},{"@type":"Link","rel":"addField","uri":"https://sandboxapi.deere.com/platform/organizations/000000/fields"},{"@type":"Link","rel":"machines","uri":"https://sandboxapi.deere.com/platform/organizations/000000/machines"},{"@type":"Link","rel":"fields","uri":"https://sandboxapi.deere.com/platform/organizations/000000/fields"},{"@type":"Link","rel":"farms","uri":"https://sandboxapi.deere.com/platform/organizations/000000/farms"},{"@type":"Link","rel":"boundaries","uri":"https://sandboxapi.deere.com/platform/organizations/000000/boundaries"},{"@type":"Link","rel":"clients","uri":"https://sandboxapi.deere.com/platform/organizations/000000/clients"},{"@type":"Link","rel":"flags","uri":"https://sandboxapi.deere.com/platform/organizations/000000/flags"},{"@type":"Link","rel":"flagCategory","uri":"https://sandboxapi.deere.com/platform/organizations/000000/flagCategories"},{"@type":"Link","rel":"controllers","uri":"https://sandboxapi.deere.com/platform/organizations/000000/orgController"}]}]}'
    http_version:
  recorded_at: Mon, 10 Feb 2020 17:29:27 GMT
- request:
    method: get
    uri: https://sandboxapi.deere.com/platform/organizations/000000/machines
    body:
      encoding: US-ASCII
      string: ''
    headers:
      Accept:
      - application/vnd.deere.axiom.v3+json
      Accept-Encoding:
      - gzip;q=1.0,deflate;q=0.6,identity;q=0.3
      User-Agent:
      - OAuth gem v0.5.4
      Authorization:
      - OAuth oauth_consumer_key="johndeere-0000000000000000000000000000000000000000",
        oauth_nonce="000000000000000000000000000000000000000000", oauth_signature="0000000000000000000000000000",
        oauth_signature_method="HMAC-SHA1", oauth_timestamp="1581334172", oauth_token="00000000-0000-0000-0000-000000000000",
        oauth_version="1.0"
  response:
    status:
      code: 200
      message: OK
    headers:
      Date:
      - Mon, 10 Feb 2020 17:29:27 GMT
      Content-Type:
      - application/vnd.deere.axiom.v3+json;charset=UTF-8
      X-Deere-Handling-Server:
      - ip-10-214-45-213
      X-Frame-Options:
      - SAMEORIGIN
      X-Deere-Elapsed-Ms:
      - '63'
      Cache-Control:
      - no-store
      Content-Language:
      - en-US
      Transfer-Encoding:
      - chunked
    body:
      encoding: ASCII-8BIT
      string: '{"links":[{"rel":"self","uri":"https://sandboxapi.deere.com/platform/organizations/000000/machines"}],"total":8,"values":[{"@type":"Machine","name":"Machine
        Name","vin":"VIN1","id":"00000000-0000-0000-0000-000000000000","links":[{"@type":"Link","rel":"self","uri":"https://sandboxapi.deere.com/platform/machines/00000000-0000-0000-0000-000000000000"},{"@type":"Link","rel":"contributionDefinition","uri":"https://sandboxapi.deere.com/platform/contributionDefinitions/00000000-0000-0000-0000-000000000000"},{"@type":"Link","rel":"organization","uri":"https://sandboxapi.deere.com/platform/organizations/000000"},{"@type":"Link","rel":"engineHours","uri":"https://sandboxapi.deere.com/platform/machines/00000000-0000-0000-0000-000000000000/engineHours"},{"@type":"Link","rel":"lastKnownEngineHours","uri":"https://sandboxapi.deere.com/platform/machines/00000000-0000-0000-0000-000000000000/engineHours?lastKnown=true"}]},{"@type":"Machine","name":"Machine
        Name","vin":"VIN2","id":"00000000-0000-0000-0000-000000000000","links":[{"@type":"Link","rel":"self","uri":"https://sandboxapi.deere.com/platform/machines/00000000-0000-0000-0000-000000000000"},{"@type":"Link","rel":"contributionDefinition","uri":"https://sandboxapi.deere.com/platform/contributionDefinitions/00000000-0000-0000-0000-000000000000"},{"@type":"Link","rel":"organization","uri":"https://sandboxapi.deere.com/platform/organizations/000000"},{"@type":"Link","rel":"engineHours","uri":"https://sandboxapi.deere.com/platform/machines/00000000-0000-0000-0000-000000000000/engineHours"},{"@type":"Link","rel":"lastKnownEngineHours","uri":"https://sandboxapi.deere.com/platform/machines/00000000-0000-0000-0000-000000000000/engineHours?lastKnown=true"}]},{"@type":"Machine","name":"Machine
        Name","vin":"VIN3","id":"00000000-0000-0000-0000-000000000000","links":[{"@type":"Link","rel":"self","uri":"https://sandboxapi.deere.com/platform/machines/00000000-0000-0000-0000-000000000000"},{"@type":"Link","rel":"contributionDefinition","uri":"https://sandboxapi.deere.com/platform/contributionDefinitions/00000000-0000-0000-0000-000000000000"},{"@type":"Link","rel":"organization","uri":"https://sandboxapi.deere.com/platform/organizations/000000"},{"@type":"Link","rel":"engineHours","uri":"https://sandboxapi.deere.com/platform/machines/00000000-0000-0000-0000-000000000000/engineHours"},{"@type":"Link","rel":"lastKnownEngineHours","uri":"https://sandboxapi.deere.com/platform/machines/00000000-0000-0000-0000-000000000000/engineHours?lastKnown=true"}]},{"@type":"Machine","name":"Machine
        Name","vin":"VIN4","id":"00000000-0000-0000-0000-000000000000","links":[{"@type":"Link","rel":"self","uri":"https://sandboxapi.deere.com/platform/machines/00000000-0000-0000-0000-000000000000"},{"@type":"Link","rel":"contributionDefinition","uri":"https://sandboxapi.deere.com/platform/contributionDefinitions/00000000-0000-0000-0000-000000000000"},{"@type":"Link","rel":"organization","uri":"https://sandboxapi.deere.com/platform/organizations/000000"},{"@type":"Link","rel":"engineHours","uri":"https://sandboxapi.deere.com/platform/machines/00000000-0000-0000-0000-000000000000/engineHours"},{"@type":"Link","rel":"lastKnownEngineHours","uri":"https://sandboxapi.deere.com/platform/machines/00000000-0000-0000-0000-000000000000/engineHours?lastKnown=true"}]},{"@type":"Machine","name":"Machine
        Name","vin":"VIN5","id":"00000000-0000-0000-0000-000000000000","links":[{"@type":"Link","rel":"self","uri":"https://sandboxapi.deere.com/platform/machines/00000000-0000-0000-0000-000000000000"},{"@type":"Link","rel":"contributionDefinition","uri":"https://sandboxapi.deere.com/platform/contributionDefinitions/00000000-0000-0000-0000-000000000000"},{"@type":"Link","rel":"organization","uri":"https://sandboxapi.deere.com/platform/organizations/000000"},{"@type":"Link","rel":"engineHours","uri":"https://sandboxapi.deere.com/platform/machines/00000000-0000-0000-0000-000000000000/engineHours"},{"@type":"Link","rel":"lastKnownEngineHours","uri":"https://sandboxapi.deere.com/platform/machines/00000000-0000-0000-0000-000000000000/engineHours?lastKnown=true"}]},{"@type":"Machine","name":"Machine
        Name","vin":"VIN6","id":"00000000-0000-0000-0000-000000000000","links":[{"@type":"Link","rel":"self","uri":"https://sandboxapi.deere.com/platform/machines/00000000-0000-0000-0000-000000000000"},{"@type":"Link","rel":"contributionDefinition","uri":"https://sandboxapi.deere.com/platform/contributionDefinitions/00000000-0000-0000-0000-000000000000"},{"@type":"Link","rel":"organization","uri":"https://sandboxapi.deere.com/platform/organizations/000000"},{"@type":"Link","rel":"engineHours","uri":"https://sandboxapi.deere.com/platform/machines/00000000-0000-0000-0000-000000000000/engineHours"},{"@type":"Link","rel":"lastKnownEngineHours","uri":"https://sandboxapi.deere.com/platform/machines/00000000-0000-0000-0000-000000000000/engineHours?lastKnown=true"}]},{"@type":"Machine","name":"Machine
        Name","vin":"VIN7","id":"00000000-0000-0000-0000-000000000000","links":[{"@type":"Link","rel":"self","uri":"https://sandboxapi.deere.com/platform/machines/00000000-0000-0000-0000-000000000000"},{"@type":"Link","rel":"contributionDefinition","uri":"https://sandboxapi.deere.com/platform/contributionDefinitions/00000000-0000-0000-0000-000000000000"},{"@type":"Link","rel":"organization","uri":"https://sandboxapi.deere.com/platform/organizations/000000"},{"@type":"Link","rel":"engineHours","uri":"https://sandboxapi.deere.com/platform/machines/00000000-0000-0000-0000-000000000000/engineHours"},{"@type":"Link","rel":"lastKnownEngineHours","uri":"https://sandboxapi.deere.com/platform/machines/00000000-0000-0000-0000-000000000000/engineHours?lastKnown=true"}]},{"@type":"Machine","name":"Machine
        Name","vin":"VIN8","id":"00000000-0000-0000-0000-000000000000","links":[{"@type":"Link","rel":"self","uri":"https://sandboxapi.deere.com/platform/machines/00000000-0000-0000-0000-000000000000"},{"@type":"Link","rel":"contributionDefinition","uri":"https://sandboxapi.deere.com/platform/contributionDefinitions/00000000-0000-0000-0000-000000000000"},{"@type":"Link","rel":"organization","uri":"https://sandboxapi.deere.com/platform/organizations/000000"},{"@type":"Link","rel":"engineHours","uri":"https://sandboxapi.deere.com/platform/machines/00000000-0000-0000-0000-000000000000/engineHours"},{"@type":"Link","rel":"lastKnownEngineHours","uri":"https://sandboxapi.deere.com/platform/machines/00000000-0000-0000-0000-000000000000/engineHours?lastKnown=true"}]}]}'
    http_version:
  recorded_at: Mon, 10 Feb 2020 17:29:28 GMT
recorded_with: VCR 5.0.0
